<?xml version="1.0" encoding="UTF-8"?>
<TestRun id="71aba693-cfc2-4a37-9ca7-dc8cc86d1502" name="paulo@PAULO-HP 2014-03-15 15:03:10" runUser="paulo-HP\paulo" xmlns="http://microsoft.com/schemas/VisualStudio/TeamTest/2010">
  <TestSettings name="Local" id="6cbb6e20-5e4b-4b57-a53a-816d3f4418ad">
    <Description>These are default test settings for a local test run.</Description>
    <Deployment enabled="false" runDeploymentRoot="paulo_PAULO-HP 2014-03-15 15_03_10">
      <DeploymentItem filename="C:\Users\paulo\Documents\Visual Studio 2010\Projects\WhatsMyIpSpammer\BusinessLogicWhatsMyIp\bin\Debug\BusinessLogicWhatsMyIp.dll" />
      <DeploymentItem filename="C:\Users\paulo\Documents\Visual Studio 2010\Projects\WhatsMyIpSpammer\SvcIP\bin\Debug\SvcIP.exe" />
      <DeploymentItem filename="C:\Users\paulo\Documents\Visual Studio 2010\Projects\WhatsMyIpSpammer\Common\bin\Debug\Common.dll" />
    </Deployment>
    <Execution>
      <TestTypeSpecific />
      <AgentRule name="Execution Agents">
      </AgentRule>
    </Execution>
  </TestSettings>
  <Times creation="2014-03-15T15:03:10.2563453-03:00" queuing="2014-03-15T15:03:10.3403501-03:00" start="2014-03-15T15:03:10.3673517-03:00" finish="2014-03-15T15:04:18.5042489-03:00" />
  <ResultSummary outcome="Completed">
    <Counters total="8" executed="8" passed="8" error="0" failed="0" timeout="0" aborted="0" inconclusive="0" passedButRunAborted="0" notRunnable="0" notExecuted="0" disconnected="0" warning="0" completed="0" inProgress="0" pending="0" />
  </ResultSummary>
  <TestDefinitions>
    <UnitTest name="CheckNewPublicIPAdressTest" storage="c:\users\paulo\documents\visual studio 2010\projects\whatsmyipspammer\testwhatsmyip\bin\debug\testwhatsmyip.dll" id="20469ab2-acc5-2da1-f1bf-3bd34d718525">
      <Execution id="f197e8a6-c5fd-4a82-a88f-6c654c05c375" />
      <TestMethod codeBase="C:/Users/paulo/Documents/Visual Studio 2010/Projects/WhatsMyIpSpammer/TestWhatsMyIP/bin/Debug/TestWhatsMyIP.DLL" adapterTypeName="Microsoft.VisualStudio.TestTools.TestTypes.Unit.UnitTestAdapter, Microsoft.VisualStudio.QualityTools.Tips.UnitTest.Adapter, Version=10.0.0.0, Culture=neutral, PublicKeyToken=b03f5f7f11d50a3a" className="TestWhatsMyIP.BusinessTest, TestWhatsMyIP, Version=1.0.0.0, Culture=neutral, PublicKeyToken=null" name="CheckNewPublicIPAdressTest" />
    </UnitTest>
    <UnitTest name="GetLocalIPTest" storage="c:\users\paulo\documents\visual studio 2010\projects\whatsmyipspammer\testwhatsmyip\bin\debug\testwhatsmyip.dll" id="1fc8b5c4-179e-ce15-381f-fc0608e7bf41">
      <Execution id="2814fd18-f6e6-408f-aa3c-e4a35b3840b1" />
      <TestMethod codeBase="C:/Users/paulo/Documents/Visual Studio 2010/Projects/WhatsMyIpSpammer/TestWhatsMyIP/bin/Debug/TestWhatsMyIP.DLL" adapterTypeName="Microsoft.VisualStudio.TestTools.TestTypes.Unit.UnitTestAdapter, Microsoft.VisualStudio.QualityTools.Tips.UnitTest.Adapter, Version=10.0.0.0, Culture=neutral, PublicKeyToken=b03f5f7f11d50a3a" className="TestWhatsMyIP.UtilsTest, TestWhatsMyIP, Version=1.0.0.0, Culture=neutral, PublicKeyToken=null" name="GetLocalIPTest" />
    </UnitTest>
    <UnitTest name="GetNetStatTest" storage="c:\users\paulo\documents\visual studio 2010\projects\whatsmyipspammer\testwhatsmyip\bin\debug\testwhatsmyip.dll" id="54830637-d953-d20a-a67d-c9e091d00a85">
      <Execution id="003b3053-ccfc-4282-8b30-dad381e2b8b5" />
      <TestMethod codeBase="C:/Users/paulo/Documents/Visual Studio 2010/Projects/WhatsMyIpSpammer/TestWhatsMyIP/bin/Debug/TestWhatsMyIP.DLL" adapterTypeName="Microsoft.VisualStudio.TestTools.TestTypes.Unit.UnitTestAdapter, Microsoft.VisualStudio.QualityTools.Tips.UnitTest.Adapter, Version=10.0.0.0, Culture=neutral, PublicKeyToken=b03f5f7f11d50a3a" className="TestWhatsMyIP.UtilsTest, TestWhatsMyIP, Version=1.0.0.0, Culture=neutral, PublicKeyToken=null" name="GetNetStatTest" />
    </UnitTest>
    <UnitTest name="GetAllIPInfoTest" storage="c:\users\paulo\documents\visual studio 2010\projects\whatsmyipspammer\testwhatsmyip\bin\debug\testwhatsmyip.dll" id="5e24e864-5a47-07d9-9c53-23d1d4c27023">
      <Execution id="6d6241b6-e790-44e7-b8e4-bdabbffcbc30" />
      <TestMethod codeBase="C:/Users/paulo/Documents/Visual Studio 2010/Projects/WhatsMyIpSpammer/TestWhatsMyIP/bin/Debug/TestWhatsMyIP.DLL" adapterTypeName="Microsoft.VisualStudio.TestTools.TestTypes.Unit.UnitTestAdapter, Microsoft.VisualStudio.QualityTools.Tips.UnitTest.Adapter, Version=10.0.0.0, Culture=neutral, PublicKeyToken=b03f5f7f11d50a3a" className="TestWhatsMyIP.UtilsTest, TestWhatsMyIP, Version=1.0.0.0, Culture=neutral, PublicKeyToken=null" name="GetAllIPInfoTest" />
    </UnitTest>
    <UnitTest name="GetGeoLocationIPTest" storage="c:\users\paulo\documents\visual studio 2010\projects\whatsmyipspammer\testwhatsmyip\bin\debug\testwhatsmyip.dll" id="0c3b5acd-8bcb-f4c7-7100-3962df9d85bb">
      <Execution id="e281d9a1-e62f-4a35-a858-7e88c6082aeb" />
      <TestMethod codeBase="C:/Users/paulo/Documents/Visual Studio 2010/Projects/WhatsMyIpSpammer/TestWhatsMyIP/bin/Debug/TestWhatsMyIP.DLL" adapterTypeName="Microsoft.VisualStudio.TestTools.TestTypes.Unit.UnitTestAdapter, Microsoft.VisualStudio.QualityTools.Tips.UnitTest.Adapter, Version=10.0.0.0, Culture=neutral, PublicKeyToken=b03f5f7f11d50a3a" className="TestWhatsMyIP.UtilsTest, TestWhatsMyIP, Version=1.0.0.0, Culture=neutral, PublicKeyToken=null" name="GetGeoLocationIPTest" />
    </UnitTest>
    <UnitTest name="GetGlobalIPTest" storage="c:\users\paulo\documents\visual studio 2010\projects\whatsmyipspammer\testwhatsmyip\bin\debug\testwhatsmyip.dll" id="6c2d485c-7761-b44b-ae3e-394c84cf8f85">
      <Execution id="ff6a2d11-3996-46c0-a66e-a07820e0ead0" />
      <TestMethod codeBase="C:/Users/paulo/Documents/Visual Studio 2010/Projects/WhatsMyIpSpammer/TestWhatsMyIP/bin/Debug/TestWhatsMyIP.DLL" adapterTypeName="Microsoft.VisualStudio.TestTools.TestTypes.Unit.UnitTestAdapter, Microsoft.VisualStudio.QualityTools.Tips.UnitTest.Adapter, Version=10.0.0.0, Culture=neutral, PublicKeyToken=b03f5f7f11d50a3a" className="TestWhatsMyIP.UtilsTest, TestWhatsMyIP, Version=1.0.0.0, Culture=neutral, PublicKeyToken=null" name="GetGlobalIPTest" />
    </UnitTest>
    <UnitTest name="SendMailTest" storage="c:\users\paulo\documents\visual studio 2010\projects\whatsmyipspammer\testwhatsmyip\bin\debug\testwhatsmyip.dll" id="6195fb63-df6d-b0f3-ccc8-709c4fba0e33">
      <Execution id="f0dab4ca-e842-4446-bbc4-643f0a7eeadd" />
      <TestMethod codeBase="C:/Users/paulo/Documents/Visual Studio 2010/Projects/WhatsMyIpSpammer/TestWhatsMyIP/bin/Debug/TestWhatsMyIP.DLL" adapterTypeName="Microsoft.VisualStudio.TestTools.TestTypes.Unit.UnitTestAdapter, Microsoft.VisualStudio.QualityTools.Tips.UnitTest.Adapter, Version=10.0.0.0, Culture=neutral, PublicKeyToken=b03f5f7f11d50a3a" className="TestWhatsMyIP.UtilsTest, TestWhatsMyIP, Version=1.0.0.0, Culture=neutral, PublicKeyToken=null" name="SendMailTest" />
    </UnitTest>
    <UnitTest name="GetIPGlobalPropertiesTest" storage="c:\users\paulo\documents\visual studio 2010\projects\whatsmyipspammer\testwhatsmyip\bin\debug\testwhatsmyip.dll" id="8ba27934-df99-88ed-d429-d048086397c3">
      <Execution id="8f3d59d7-757f-408e-896c-74560847ceb4" />
      <TestMethod codeBase="C:/Users/paulo/Documents/Visual Studio 2010/Projects/WhatsMyIpSpammer/TestWhatsMyIP/bin/Debug/TestWhatsMyIP.DLL" adapterTypeName="Microsoft.VisualStudio.TestTools.TestTypes.Unit.UnitTestAdapter, Microsoft.VisualStudio.QualityTools.Tips.UnitTest.Adapter, Version=10.0.0.0, Culture=neutral, PublicKeyToken=b03f5f7f11d50a3a" className="TestWhatsMyIP.UtilsTest, TestWhatsMyIP, Version=1.0.0.0, Culture=neutral, PublicKeyToken=null" name="GetIPGlobalPropertiesTest" />
    </UnitTest>
  </TestDefinitions>
  <TestLists>
    <TestList name="Results Not in a List" id="8c84fa94-04c1-424b-9868-57a2d4851a1d" />
    <TestList name="All Loaded Results" id="19431567-8539-422a-85d7-44ee4e166bda" />
  </TestLists>
  <TestEntries>
    <TestEntry testId="0c3b5acd-8bcb-f4c7-7100-3962df9d85bb" executionId="e281d9a1-e62f-4a35-a858-7e88c6082aeb" testListId="8c84fa94-04c1-424b-9868-57a2d4851a1d" />
    <TestEntry testId="1fc8b5c4-179e-ce15-381f-fc0608e7bf41" executionId="2814fd18-f6e6-408f-aa3c-e4a35b3840b1" testListId="8c84fa94-04c1-424b-9868-57a2d4851a1d" />
    <TestEntry testId="20469ab2-acc5-2da1-f1bf-3bd34d718525" executionId="f197e8a6-c5fd-4a82-a88f-6c654c05c375" testListId="8c84fa94-04c1-424b-9868-57a2d4851a1d" />
    <TestEntry testId="54830637-d953-d20a-a67d-c9e091d00a85" executionId="003b3053-ccfc-4282-8b30-dad381e2b8b5" testListId="8c84fa94-04c1-424b-9868-57a2d4851a1d" />
    <TestEntry testId="5e24e864-5a47-07d9-9c53-23d1d4c27023" executionId="6d6241b6-e790-44e7-b8e4-bdabbffcbc30" testListId="8c84fa94-04c1-424b-9868-57a2d4851a1d" />
    <TestEntry testId="6195fb63-df6d-b0f3-ccc8-709c4fba0e33" executionId="f0dab4ca-e842-4446-bbc4-643f0a7eeadd" testListId="8c84fa94-04c1-424b-9868-57a2d4851a1d" />
    <TestEntry testId="6c2d485c-7761-b44b-ae3e-394c84cf8f85" executionId="ff6a2d11-3996-46c0-a66e-a07820e0ead0" testListId="8c84fa94-04c1-424b-9868-57a2d4851a1d" />
    <TestEntry testId="8ba27934-df99-88ed-d429-d048086397c3" executionId="8f3d59d7-757f-408e-896c-74560847ceb4" testListId="8c84fa94-04c1-424b-9868-57a2d4851a1d" />
  </TestEntries>
  <Results>
    <UnitTestResult executionId="e281d9a1-e62f-4a35-a858-7e88c6082aeb" testId="0c3b5acd-8bcb-f4c7-7100-3962df9d85bb" testName="GetGeoLocationIPTest" computerName="PAULO-HP" duration="00:00:18.0643499" startTime="2014-03-15T15:03:10.3873528-03:00" endTime="2014-03-15T15:03:28.8224072-03:00" testType="13cdc9d9-ddb5-4fa4-a97d-d965ccfc6d4b" outcome="Passed" testListId="8c84fa94-04c1-424b-9868-57a2d4851a1d" relativeResultsDirectory="e281d9a1-e62f-4a35-a858-7e88c6082aeb">
    </UnitTestResult>
    <UnitTestResult executionId="2814fd18-f6e6-408f-aa3c-e4a35b3840b1" testId="1fc8b5c4-179e-ce15-381f-fc0608e7bf41" testName="GetLocalIPTest" computerName="PAULO-HP" duration="00:00:00.0227340" startTime="2014-03-15T15:03:28.8284076-03:00" endTime="2014-03-15T15:03:28.8574092-03:00" testType="13cdc9d9-ddb5-4fa4-a97d-d965ccfc6d4b" outcome="Passed" testListId="8c84fa94-04c1-424b-9868-57a2d4851a1d" relativeResultsDirectory="2814fd18-f6e6-408f-aa3c-e4a35b3840b1">
    </UnitTestResult>
    <UnitTestResult executionId="f197e8a6-c5fd-4a82-a88f-6c654c05c375" testId="20469ab2-acc5-2da1-f1bf-3bd34d718525" testName="CheckNewPublicIPAdressTest" computerName="PAULO-HP" duration="00:00:45.8668520" startTime="2014-03-15T15:03:28.8594093-03:00" endTime="2014-03-15T15:04:14.7360333-03:00" testType="13cdc9d9-ddb5-4fa4-a97d-d965ccfc6d4b" outcome="Passed" testListId="8c84fa94-04c1-424b-9868-57a2d4851a1d" relativeResultsDirectory="f197e8a6-c5fd-4a82-a88f-6c654c05c375">
    </UnitTestResult>
    <UnitTestResult executionId="003b3053-ccfc-4282-8b30-dad381e2b8b5" testId="54830637-d953-d20a-a67d-c9e091d00a85" testName="GetNetStatTest" computerName="PAULO-HP" duration="00:00:00.0047093" startTime="2014-03-15T15:04:14.7420337-03:00" endTime="2014-03-15T15:04:14.7520343-03:00" testType="13cdc9d9-ddb5-4fa4-a97d-d965ccfc6d4b" outcome="Passed" testListId="8c84fa94-04c1-424b-9868-57a2d4851a1d" relativeResultsDirectory="003b3053-ccfc-4282-8b30-dad381e2b8b5">
    </UnitTestResult>
    <UnitTestResult executionId="6d6241b6-e790-44e7-b8e4-bdabbffcbc30" testId="5e24e864-5a47-07d9-9c53-23d1d4c27023" testName="GetAllIPInfoTest" computerName="PAULO-HP" duration="00:00:00.7329309" startTime="2014-03-15T15:04:14.7710353-03:00" endTime="2014-03-15T15:04:15.5120777-03:00" testType="13cdc9d9-ddb5-4fa4-a97d-d965ccfc6d4b" outcome="Passed" testListId="8c84fa94-04c1-424b-9868-57a2d4851a1d" relativeResultsDirectory="6d6241b6-e790-44e7-b8e4-bdabbffcbc30">
    </UnitTestResult>
    <UnitTestResult executionId="f0dab4ca-e842-4446-bbc4-643f0a7eeadd" testId="6195fb63-df6d-b0f3-ccc8-709c4fba0e33" testName="SendMailTest" computerName="PAULO-HP" duration="00:00:02.1377918" startTime="2014-03-15T15:04:15.5250785-03:00" endTime="2014-03-15T15:04:17.6672010-03:00" testType="13cdc9d9-ddb5-4fa4-a97d-d965ccfc6d4b" outcome="Passed" testListId="8c84fa94-04c1-424b-9868-57a2d4851a1d" relativeResultsDirectory="f0dab4ca-e842-4446-bbc4-643f0a7eeadd">
    </UnitTestResult>
    <UnitTestResult executionId="ff6a2d11-3996-46c0-a66e-a07820e0ead0" testId="6c2d485c-7761-b44b-ae3e-394c84cf8f85" testName="GetGlobalIPTest" computerName="PAULO-HP" duration="00:00:00.7014269" startTime="2014-03-15T15:04:17.6702012-03:00" endTime="2014-03-15T15:04:18.3802418-03:00" testType="13cdc9d9-ddb5-4fa4-a97d-d965ccfc6d4b" outcome="Passed" testListId="8c84fa94-04c1-424b-9868-57a2d4851a1d" relativeResultsDirectory="ff6a2d11-3996-46c0-a66e-a07820e0ead0">
    </UnitTestResult>
    <UnitTestResult executionId="8f3d59d7-757f-408e-896c-74560847ceb4" testId="8ba27934-df99-88ed-d429-d048086397c3" testName="GetIPGlobalPropertiesTest" computerName="PAULO-HP" duration="00:00:00.0512115" startTime="2014-03-15T15:04:18.3822419-03:00" endTime="2014-03-15T15:04:18.4422453-03:00" testType="13cdc9d9-ddb5-4fa4-a97d-d965ccfc6d4b" outcome="Passed" testListId="8c84fa94-04c1-424b-9868-57a2d4851a1d" relativeResultsDirectory="8f3d59d7-757f-408e-896c-74560847ceb4">
    </UnitTestResult>
  </Results>
</TestRun>